#-----------------------------------------------------------
# Vivado v2023.2 (64-bit)
# SW Build 4029153 on Fri Oct 13 20:14:34 MDT 2023
# IP Build 4028589 on Sat Oct 14 00:45:43 MDT 2023
# SharedData Build 4025554 on Tue Oct 10 17:18:54 MDT 2023
# Start of session at: Mon May 27 01:24:12 2024
# Process ID: 22300
# Current directory: F:/VIVADO_CLASS/240526_project_ver6
# Command line: vivado.exe -gui_launcher_event rodinguilauncherevent8704 F:\VIVADO_CLASS\240526_project_ver6\240526_project_ver6.xpr
# Log file: F:/VIVADO_CLASS/240526_project_ver6/vivado.log
# Journal file: F:/VIVADO_CLASS/240526_project_ver6\vivado.jou
# Running On: DESKTOP-O6IK6JF, OS: Windows, CPU Frequency: 2496 MHz, CPU Physical cores: 10, Host memory: 16866 MB
#-----------------------------------------------------------
start_gui
open_project F:/VIVADO_CLASS/240526_project_ver6/240526_project_ver6.xpr
update_compile_order -fileset sources_1

synth_design -rtl -rtl_skip_mlo -name rtl_1
close_project
open_project F:/VIVADO_CLASS/20240528_practice/20240528_practice.xpr
update_compile_order -fileset sources_1
update_compile_order -fileset sources_1
file mkdir F:/VIVADO_CLASS/20240528_practice/20240528_practice.srcs/sim_1/new
set_property SOURCE_SET sources_1 [get_filesets sim_1]
close [ open F:/VIVADO_CLASS/20240528_practice/20240528_practice.srcs/sim_1/new/tb_practice.sv w ]
add_files -fileset sim_1 F:/VIVADO_CLASS/20240528_practice/20240528_practice.srcs/sim_1/new/tb_practice.sv
update_compile_order -fileset sim_1
update_compile_order -fileset sim_1
launch_simulation
source tb_practice.tcl
current_wave_config {Untitled 1}
add_wave {{/tb_practice/dut/U_DP}} 
current_wave_config {Untitled 1}
add_wave {{/tb_practice/dut/U_CU}} 
current_wave_config {Untitled 1}
add_wave {{/tb_practice/dut/U_fnd}} 
relaunch_sim
run 10 us
run 10 us
run 10 us
run 10 us
run 10 us
run 10 us
run 10 us
run 10 us
run 10 us
run 10 us
run 10 us
run 10 us
run 10 us
relaunch_sim
run all
close_sim
launch_simulation
source tb_practice.tcl
current_wave_config {Untitled 2}
add_wave {{/tb_practice/dut}} 
relaunch_sim
run all
save_wave_config {C:/Users/user/Desktop/tb_practice_behav.wcfg}
add_files -fileset sim_1 -norecurse C:/Users/user/Desktop/tb_practice_behav.wcfg
set_property xsim.view C:/Users/user/Desktop/tb_practice_behav.wcfg [get_filesets sim_1]
save_wave_config {C:/Users/user/Desktop/tb_practice_behav.wcfg}
save_wave_config {C:/Users/user/Desktop/tb_practice_behav.wcfg}
save_wave_config {C:/Users/user/Desktop/tb_practice_behav.wcfg}
save_wave_config {C:/Users/user/Desktop/tb_practice_behav.wcfg}
close_sim
launch_simulation
open_wave_config C:/Users/user/Desktop/tb_practice_behav.wcfg
source tb_practice.tcl
save_wave_config {C:/Users/user/Desktop/tb_practice_behav.wcfg}
save_wave_config {C:/Users/user/Desktop/tb_practice_behav.wcfg}
save_wave_config {C:/Users/user/Desktop/tb_practice_behav.wcfg}
save_wave_config {C:/Users/user/Desktop/tb_practice_behav.wcfg}
save_wave_config {C:/Users/user/Desktop/tb_practice_behav.wcfg}
close_sim
