#-----------------------------------------------------------
# Vivado v2023.2 (64-bit)
# SW Build 4029153 on Fri Oct 13 20:14:34 MDT 2023
# IP Build 4028589 on Sat Oct 14 00:45:43 MDT 2023
# SharedData Build 4025554 on Tue Oct 10 17:18:54 MDT 2023
# Start of session at: Fri Jun  7 14:46:50 2024
# Process ID: 27736
# Current directory: F:/VIVADO_CLASS/20240603_RISC-V_GPO_GPI_Project/20240603_RISC-V_GPO_GPI_Project/20240603_RISC-V_GPO_GPI.runs/synth_1
# Command line: vivado.exe -log RV32I.vds -product Vivado -mode batch -messageDb vivado.pb -notrace -source RV32I.tcl
# Log file: F:/VIVADO_CLASS/20240603_RISC-V_GPO_GPI_Project/20240603_RISC-V_GPO_GPI_Project/20240603_RISC-V_GPO_GPI.runs/synth_1/RV32I.vds
# Journal file: F:/VIVADO_CLASS/20240603_RISC-V_GPO_GPI_Project/20240603_RISC-V_GPO_GPI_Project/20240603_RISC-V_GPO_GPI.runs/synth_1\vivado.jou
# Running On: DESKTOP-O6IK6JF, OS: Windows, CPU Frequency: 2496 MHz, CPU Physical cores: 10, Host memory: 16866 MB
#-----------------------------------------------------------
source RV32I.tcl -notrace
